/ Journal File for GAMBIT 2.2.30, Database 2.2.14, lnx86 BH04110220
/ Identifier "default_id"
/ File opened for write Thu Jun 21 11:11:02 2007.
solver select "FLUENT 5/6"
import vertexdata \
  "/home/joerg/Numerics/semtex/addons/gambit-interface/example/gambit/back_geometry.dat"
edge create nurbs "vertex.1" "vertex.2" "vertex.3" "vertex.4" "vertex.5" \
  "vertex.6" "vertex.7" "vertex.8" "vertex.9" "vertex.10" "vertex.11" \
  "vertex.12" "vertex.13" "vertex.14" "vertex.15" "vertex.16" "vertex.17" \
  interpolate
vertex create coordinates 0 0 0
/ERROR occurred in the next command!
edge create center2points "vertex.18" "vertex.1" "vertex.17" minarc arc
edge create radius 0.1 startangle 90 endangle 180 center "vertex.18" xyplane arc
undo
/Undone to: edge create radius 0.1 startangle 90 endangle 180 center "vertex.18"
edge create radius 0.5 startangle 90 endangle 180 center "vertex.18" xyplane arc
undo
/Undone to: edge create radius 0.5 startangle 90 endangle 180 center "vertex.18"
edge create radius 0.5 startangle 90 endangle 270 center "vertex.17" xyplane arc
undo
/Undone to: edge create radius 0.5 startangle 90 endangle 270 center "vertex.17"
edge create radius 0.5 startangle 90 endangle 270 center "vertex.18" xyplane arc
face create wireframe "edge.1" "edge.2" real
face mesh "face.1" pave size 0.2
physics create "rear" btype "WALL" edge "edge.1"
physics create "front" btype "WALL" edge "edge.2"
physics create "domain" ctype "FLUID" face "face.1"
physics create ctype "FLUID"
export fluent5 "drop.msh" nozval
save
save name "drop.dbs"
/ File closed at Thu Jun 21 11:26:40 2007, 0.96 cpu second(s), 1541224 maximum memory.
